<?xml version="1.0" encoding="utf-8"?><testsuites><testsuite name="pytest" errors="0" failures="0" skipped="0" tests="6" time="0.027" timestamp="2024-08-21T22:35:42.330307+10:00" hostname="MSI"><testcase classname="test_unit" name="test_calculate_monthly_payment[1000-5-1-85.61]" time="0.001" /><testcase classname="test_unit" name="test_calculate_monthly_payment[5000-3.5-5-90.96]" time="0.001" /><testcase classname="test_unit" name="test_calculate_monthly_payment[20000-6-10-222.04]" time="0.000" /><testcase classname="test_unit" name="test_calculate_monthly_payment[100000-4.5-30-506.69]" time="0.000" /><testcase classname="test_unit" name="test_calculate_monthly_payment_zero_interest[1000-0-1-83.33]" time="0.000" /><testcase classname="test_unit" name="test_calculate_monthly_payment_short_term[1000-5-0.5-169.11]" time="0.001" /></testsuite></testsuites>